// Jest Snapshot v1, https://goo.gl/fbAQLP

exports[`Navbar component should render without problem 1`] = `
<header>
  <ul>
    <li>
      <ul>
        <li>
          <a
            title="calendar"
          >
            This is a react-router:Link component: 
            Calendar
          </a>
        </li>
        <li>
          <a
            title="about"
          >
            This is a react-router:Link component: 
            About
          </a>
        </li>
      </ul>
    </li>
    <li>
      <form>
        <span>
          <button
            className="undefined"
            onClick={[Function]}
            type="button"
          >
            <i
              className="material-icons"
            >
              chevron_left
            </i>
          </button>
          <input
            readOnly={true}
            type="number"
            value={2018}
          />
          <button
            className=""
            onClick={[Function]}
            type="button"
          >
            <i
              className="material-icons"
            >
              chevron_right
            </i>
          </button>
        </span>
      </form>
    </li>
  </ul>
</header>
`;
